dependency-cursor-review
malware-verdict-formatter
malware-verdict-patterns
malware-verdict-patterns-regex
malware-verdict-patterns-structure
malware-verdict-policy
malware-verdict-policy-types
malware-verdict-policy-lexical
malware-verdict-policy-context
malware-verdict-policy-strip-eligibility
scripts-dir-module-loader
module-exec-scrub
formatter-runtime-bundle
malware-verdict-policy-rules-select
malware-verdict-policy-rules-strip
malware-verdict-policy-analysis
isolated-module-exec
script-dir-isolated-load
trusted-formatter-loader
trusted-formatter-loader-cold-start
upstream-malware-scan
dependency-cursor-review-prompts
dependency-cursor-review-combine-outputs
dependency-cursor-review-dependabot-context
dependency-cursor-review-post-comment
dependency-cursor-review-target-pr
dependency-cursor-review-trusted-scripts
upstream-malware-scan-lib
upstream-malware-scan-findings
trusted-git-path-checkout-action
