dependency-cursor-review
malware-verdict-formatter
malware-verdict-patterns
malware-verdict-patterns-regex
malware-verdict-patterns-structure
malware-verdict-policy
malware-verdict-policy-view
malware-verdict-policy-selection
malware-verdict-policy-context
scripts-dir-path-scrub
scripts-dir-module-loader
formatter-runtime-bundle
malware-verdict-policy-rules
malware-verdict-policy-rules-select
malware-verdict-policy-rules-strip
malware-verdict-policy-analysis
isolated-module-exec
trusted-formatter-loader
trusted-formatter-loader-cold-start
upstream-malware-scan
dependency-cursor-review-prompts
dependency-cursor-review-combine-outputs
dependency-cursor-review-dependabot-context
dependency-cursor-review-post-comment
dependency-cursor-review-target-pr
dependency-cursor-review-trusted-scripts
upstream-malware-scan-lib
upstream-malware-scan-findings
trusted-git-path-checkout-action
